
> sri-lanka-history@0.1.0 dev
> HOST=127.0.0.1 PORT=3000 next dev

 ⚠ Specified "headers" will not automatically work with "output: export". See more info here: https://nextjs.org/docs/messages/export-no-custom-routes
 ⚠ Specified "headers" will not automatically work with "output: export". See more info here: https://nextjs.org/docs/messages/export-no-custom-routes
   ▲ Next.js 15.5.9
   - Local:        http://localhost:3000
   - Network:      http://192.168.0.2:3000

 ✓ Starting...
 ✓ Ready in 2.1s
 ○ Compiling /kings ...
 ✓ Compiled /kings in 2.3s (608 modules)
 ✓ Compiled in 1191ms (240 modules)
 GET /kings 200 in 3725ms
 ○ Compiling /sites ...
 ✓ Compiled /sites in 529ms (597 modules)
 GET /sites 200 in 1158ms
 ✓ Compiled in 284ms (371 modules)
 ✓ Compiled in 149ms (371 modules)
 GET /kings 200 in 797ms
 GET /sites 200 in 235ms
